mode: atomic
github.com/agreen757/tm-tui/internal/executor/service.go:46.55,51.30 3 55
github.com/agreen757/tm-tui/internal/executor/service.go:51.30,54.52 2 55
github.com/agreen757/tm-tui/internal/executor/service.go:54.52,56.4 1 0
github.com/agreen757/tm-tui/internal/executor/service.go:59.3,61.17 3 55
github.com/agreen757/tm-tui/internal/executor/service.go:61.17,63.4 1 0
github.com/agreen757/tm-tui/internal/executor/service.go:66.3,67.73 2 55
github.com/agreen757/tm-tui/internal/executor/service.go:70.2,77.8 1 55
github.com/agreen757/tm-tui/internal/executor/service.go:81.61,83.15 2 32
github.com/agreen757/tm-tui/internal/executor/service.go:83.15,86.3 2 2
github.com/agreen757/tm-tui/internal/executor/service.go:89.2,89.19 1 30
github.com/agreen757/tm-tui/internal/executor/service.go:89.19,90.36 1 4
github.com/agreen757/tm-tui/internal/executor/service.go:90.36,93.4 2 1
github.com/agreen757/tm-tui/internal/executor/service.go:96.3,99.35 4 3
github.com/agreen757/tm-tui/internal/executor/service.go:99.35,100.17 1 3
github.com/agreen757/tm-tui/internal/executor/service.go:100.17,101.13 1 0
github.com/agreen757/tm-tui/internal/executor/service.go:103.4,105.18 3 3
github.com/agreen757/tm-tui/internal/executor/service.go:105.18,106.13 1 1
github.com/agreen757/tm-tui/internal/executor/service.go:108.4,108.33 1 2
github.com/agreen757/tm-tui/internal/executor/service.go:108.33,110.13 2 1
github.com/agreen757/tm-tui/internal/executor/service.go:112.4,113.9 2 1
github.com/agreen757/tm-tui/internal/executor/service.go:116.3,116.23 1 3
github.com/agreen757/tm-tui/internal/executor/service.go:116.23,118.26 2 2
github.com/agreen757/tm-tui/internal/executor/service.go:118.26,120.5 1 1
github.com/agreen757/tm-tui/internal/executor/service.go:121.4,121.53 1 1
github.com/agreen757/tm-tui/internal/executor/service.go:126.2,136.35 7 27
github.com/agreen757/tm-tui/internal/executor/service.go:136.35,138.3 1 26
github.com/agreen757/tm-tui/internal/executor/service.go:141.2,142.16 2 27
github.com/agreen757/tm-tui/internal/executor/service.go:142.16,148.3 5 0
github.com/agreen757/tm-tui/internal/executor/service.go:150.2,151.16 2 27
github.com/agreen757/tm-tui/internal/executor/service.go:151.16,157.3 5 0
github.com/agreen757/tm-tui/internal/executor/service.go:160.2,160.40 1 27
github.com/agreen757/tm-tui/internal/executor/service.go:160.40,166.3 5 0
github.com/agreen757/tm-tui/internal/executor/service.go:169.2,177.12 6 27
github.com/agreen757/tm-tui/internal/executor/service.go:177.12,180.3 2 27
github.com/agreen757/tm-tui/internal/executor/service.go:182.2,182.12 1 27
github.com/agreen757/tm-tui/internal/executor/service.go:182.12,185.3 2 27
github.com/agreen757/tm-tui/internal/executor/service.go:188.2,188.12 1 27
github.com/agreen757/tm-tui/internal/executor/service.go:188.12,193.17 4 27
github.com/agreen757/tm-tui/internal/executor/service.go:193.17,194.48 1 27
github.com/agreen757/tm-tui/internal/executor/service.go:194.48,196.5 1 27
github.com/agreen757/tm-tui/internal/executor/service.go:200.3,218.20 9 27
github.com/agreen757/tm-tui/internal/executor/service.go:218.20,220.4 1 0
github.com/agreen757/tm-tui/internal/executor/service.go:220.9,222.4 1 27
github.com/agreen757/tm-tui/internal/executor/service.go:225.3,225.10 1 27
github.com/agreen757/tm-tui/internal/executor/service.go:230.5,230.5 0 27
github.com/agreen757/tm-tui/internal/executor/service.go:231.11,231.11 0 0
github.com/agreen757/tm-tui/internal/executor/service.go:236.2,236.12 1 27
github.com/agreen757/tm-tui/internal/executor/service.go:240.60,242.21 2 55
github.com/agreen757/tm-tui/internal/executor/service.go:242.21,244.19 2 3
github.com/agreen757/tm-tui/internal/executor/service.go:244.19,246.4 1 0
github.com/agreen757/tm-tui/internal/executor/service.go:249.3,249.10 1 3
github.com/agreen757/tm-tui/internal/executor/service.go:250.24,250.24 0 3
github.com/agreen757/tm-tui/internal/executor/service.go:251.11,251.11 0 0
github.com/agreen757/tm-tui/internal/executor/service.go:256.3,257.67 2 3
github.com/agreen757/tm-tui/internal/executor/service.go:262.34,266.37 3 4
github.com/agreen757/tm-tui/internal/executor/service.go:266.37,268.3 1 2
github.com/agreen757/tm-tui/internal/executor/service.go:271.2,277.12 4 2
github.com/agreen757/tm-tui/internal/executor/service.go:281.45,283.2 1 8
github.com/agreen757/tm-tui/internal/executor/service.go:286.50,288.2 1 7
github.com/agreen757/tm-tui/internal/executor/service.go:291.36,295.2 3 7
github.com/agreen757/tm-tui/internal/executor/service.go:298.42,306.2 5 4
github.com/agreen757/tm-tui/internal/executor/service.go:309.33,313.36 2 56
github.com/agreen757/tm-tui/internal/executor/service.go:313.36,317.3 3 26
github.com/agreen757/tm-tui/internal/executor/service.go:319.2,319.22 1 56
github.com/agreen757/tm-tui/internal/executor/service.go:319.22,325.3 5 56
github.com/agreen757/tm-tui/internal/executor/service.go:327.2,328.12 2 0
github.com/agreen757/tm-tui/internal/executor/taskmaster.go:14.66,18.2 1 28
github.com/agreen757/tm-tui/internal/executor/taskmaster.go:24.77,25.18 1 27
github.com/agreen757/tm-tui/internal/executor/taskmaster.go:25.18,27.3 1 3
github.com/agreen757/tm-tui/internal/executor/taskmaster.go:30.2,34.15 3 24
github.com/agreen757/tm-tui/internal/executor/taskmaster.go:34.15,36.3 1 10
github.com/agreen757/tm-tui/internal/executor/taskmaster.go:39.2,42.44 2 24
github.com/agreen757/tm-tui/internal/executor/taskmaster.go:42.44,44.3 1 22
github.com/agreen757/tm-tui/internal/executor/taskmaster.go:47.2,47.48 1 24
github.com/agreen757/tm-tui/internal/executor/taskmaster.go:52.56,54.2 1 3
github.com/agreen757/tm-tui/internal/executor/taskmaster.go:58.61,60.2 1 2
github.com/agreen757/tm-tui/internal/executor/taskmaster.go:63.47,65.2 1 2
github.com/agreen757/tm-tui/internal/executor/taskmaster.go:69.40,73.2 1 32
